
> l├®ia-neves---psicopedagogia-especializada@0.0.0 build
> vite build

node.exe : '"node"' não é reconhecido como um comando interno
No linha:1 caractere:1
+ & "C:\Program Files\nodejs/node.exe" "C:\Program Files\nodejs/node_mo ...
+ ~~~~~~~~~~~~~~~~~~~~~~~~~~~~~~~~~~~~~~~~~~~~~~~~~~~~~~~~~~~~~~~~~~~~~
    + CategoryInfo          : NotSpecified: ('"node"' não é ...comando interno:String) [], RemoteException
    + FullyQualifiedErrorId : NativeCommandError
 
ou externo, um programa operável ou um arquivo em lotes.
